Archive member included to satisfy reference by file (symbol)

C:/ST/STM32CubeIDE_1.15.1/STM32CubeIDE/plugins/com.st.stm32cube.ide.mcu.externaltools.gnu-tools-for-stm32.12.3.rel1.win32_1.0.100.202403111256/tools/bin/../lib/gcc/arm-none-eabi/12.3.1/../../../../arm-none-eabi/lib/thumb/v8-m.main+fp/hard\libc_nano.a(libc_a-exit.o)
                              C:/ST/STM32CubeIDE_1.15.1/STM32CubeIDE/plugins/com.st.stm32cube.ide.mcu.externaltools.gnu-tools-for-stm32.12.3.rel1.win32_1.0.100.202403111256/tools/bin/../lib/gcc/arm-none-eabi/12.3.1/../../../../arm-none-eabi/lib/thumb/v8-m.main+fp/hard/crt0.o (exit)
C:/ST/STM32CubeIDE_1.15.1/STM32CubeIDE/plugins/com.st.stm32cube.ide.mcu.externaltools.gnu-tools-for-stm32.12.3.rel1.win32_1.0.100.202403111256/tools/bin/../lib/gcc/arm-none-eabi/12.3.1/../../../../arm-none-eabi/lib/thumb/v8-m.main+fp/hard\libc_nano.a(libc_a-malloc.o)
                              ./Middlewares/ST/threadx/Core/tx_thread_secure_stack.o (malloc)
C:/ST/STM32CubeIDE_1.15.1/STM32CubeIDE/plugins/com.st.stm32cube.ide.mcu.externaltools.gnu-tools-for-stm32.12.3.rel1.win32_1.0.100.202403111256/tools/bin/../lib/gcc/arm-none-eabi/12.3.1/../../../../arm-none-eabi/lib/thumb/v8-m.main+fp/hard\libc_nano.a(libc_a-mallocr.o)
                              C:/ST/STM32CubeIDE_1.15.1/STM32CubeIDE/plugins/com.st.stm32cube.ide.mcu.externaltools.gnu-tools-for-stm32.12.3.rel1.win32_1.0.100.202403111256/tools/bin/../lib/gcc/arm-none-eabi/12.3.1/../../../../arm-none-eabi/lib/thumb/v8-m.main+fp/hard\libc_nano.a(libc_a-malloc.o) (_malloc_r)
C:/ST/STM32CubeIDE_1.15.1/STM32CubeIDE/plugins/com.st.stm32cube.ide.mcu.externaltools.gnu-tools-for-stm32.12.3.rel1.win32_1.0.100.202403111256/tools/bin/../lib/gcc/arm-none-eabi/12.3.1/../../../../arm-none-eabi/lib/thumb/v8-m.main+fp/hard\libc_nano.a(libc_a-mlock.o)
                              C:/ST/STM32CubeIDE_1.15.1/STM32CubeIDE/plugins/com.st.stm32cube.ide.mcu.externaltools.gnu-tools-for-stm32.12.3.rel1.win32_1.0.100.202403111256/tools/bin/../lib/gcc/arm-none-eabi/12.3.1/../../../../arm-none-eabi/lib/thumb/v8-m.main+fp/hard\libc_nano.a(libc_a-mallocr.o) (__malloc_lock)
C:/ST/STM32CubeIDE_1.15.1/STM32CubeIDE/plugins/com.st.stm32cube.ide.mcu.externaltools.gnu-tools-for-stm32.12.3.rel1.win32_1.0.100.202403111256/tools/bin/../lib/gcc/arm-none-eabi/12.3.1/../../../../arm-none-eabi/lib/thumb/v8-m.main+fp/hard\libc_nano.a(libc_a-findfp.o)
                              C:/ST/STM32CubeIDE_1.15.1/STM32CubeIDE/plugins/com.st.stm32cube.ide.mcu.externaltools.gnu-tools-for-stm32.12.3.rel1.win32_1.0.100.202403111256/tools/bin/../lib/gcc/arm-none-eabi/12.3.1/../../../../arm-none-eabi/lib/thumb/v8-m.main+fp/hard\libc_nano.a(libc_a-exit.o) (__stdio_exit_handler)
C:/ST/STM32CubeIDE_1.15.1/STM32CubeIDE/plugins/com.st.stm32cube.ide.mcu.externaltools.gnu-tools-for-stm32.12.3.rel1.win32_1.0.100.202403111256/tools/bin/../lib/gcc/arm-none-eabi/12.3.1/../../../../arm-none-eabi/lib/thumb/v8-m.main+fp/hard\libc_nano.a(libc_a-fwalk.o)
                              C:/ST/STM32CubeIDE_1.15.1/STM32CubeIDE/plugins/com.st.stm32cube.ide.mcu.externaltools.gnu-tools-for-stm32.12.3.rel1.win32_1.0.100.202403111256/tools/bin/../lib/gcc/arm-none-eabi/12.3.1/../../../../arm-none-eabi/lib/thumb/v8-m.main+fp/hard\libc_nano.a(libc_a-findfp.o) (_fwalk_sglue)
C:/ST/STM32CubeIDE_1.15.1/STM32CubeIDE/plugins/com.st.stm32cube.ide.mcu.externaltools.gnu-tools-for-stm32.12.3.rel1.win32_1.0.100.202403111256/tools/bin/../lib/gcc/arm-none-eabi/12.3.1/../../../../arm-none-eabi/lib/thumb/v8-m.main+fp/hard\libc_nano.a(libc_a-stdio.o)
                              C:/ST/STM32CubeIDE_1.15.1/STM32CubeIDE/plugins/com.st.stm32cube.ide.mcu.externaltools.gnu-tools-for-stm32.12.3.rel1.win32_1.0.100.202403111256/tools/bin/../lib/gcc/arm-none-eabi/12.3.1/../../../../arm-none-eabi/lib/thumb/v8-m.main+fp/hard\libc_nano.a(libc_a-findfp.o) (__sread)
C:/ST/STM32CubeIDE_1.15.1/STM32CubeIDE/plugins/com.st.stm32cube.ide.mcu.externaltools.gnu-tools-for-stm32.12.3.rel1.win32_1.0.100.202403111256/tools/bin/../lib/gcc/arm-none-eabi/12.3.1/../../../../arm-none-eabi/lib/thumb/v8-m.main+fp/hard\libc_nano.a(libc_a-memset.o)
                              C:/ST/STM32CubeIDE_1.15.1/STM32CubeIDE/plugins/com.st.stm32cube.ide.mcu.externaltools.gnu-tools-for-stm32.12.3.rel1.win32_1.0.100.202403111256/tools/bin/../lib/gcc/arm-none-eabi/12.3.1/../../../../arm-none-eabi/lib/thumb/v8-m.main+fp/hard/crt0.o (memset)
C:/ST/STM32CubeIDE_1.15.1/STM32CubeIDE/plugins/com.st.stm32cube.ide.mcu.externaltools.gnu-tools-for-stm32.12.3.rel1.win32_1.0.100.202403111256/tools/bin/../lib/gcc/arm-none-eabi/12.3.1/../../../../arm-none-eabi/lib/thumb/v8-m.main+fp/hard\libc_nano.a(libc_a-closer.o)
[...]
Memory Configuration

Name             Origin             Length             Attributes
RAM              0x30000000         0x00050000         xrw
FLASH            0x0c000000         0x000fe000         xr
FLASH_NSC        0x0c0fe000         0x00002000         xr
*default*        0x00000000         0xffffffff

Linker script and memory map

LOAD C:/ST/STM32CubeIDE_1.15.1/STM32CubeIDE/plugins/com.st.stm32cube.ide.mcu.externaltools.gnu-tools-for-stm32.12.3.rel1.win32_1.0.100.202403111256/tools/bin/../lib/gcc/arm-none-eabi/12.3.1/thumb/v8-m.main+fp/hard/crti.o
LOAD C:/ST/STM32CubeIDE_1.15.1/STM32CubeIDE/plugins/com.st.stm32cube.ide.mcu.externaltools.gnu-tools-for-stm32.12.3.rel1.win32_1.0.100.202403111256/tools/bin/../lib/gcc/arm-none-eabi/12.3.1/thumb/v8-m.main+fp/hard/crtbegin.o
LOAD C:/ST/STM32CubeIDE_1.15.1/STM32CubeIDE/plugins/com.st.stm32cube.ide.mcu.externaltools.gnu-tools-for-stm32.12.3.rel1.win32_1.0.100.202403111256/tools/bin/../lib/gcc/arm-none-eabi/12.3.1/../../../../arm-none-eabi/lib/thumb/v8-m.main+fp/hard/crt0.o
LOAD ./Core/Src/main.o
LOAD ./Core/Src/secure_nsc.o
LOAD ./Core/Src/stm32h5xx_hal_msp.o
LOAD ./Core/Src/stm32h5xx_it.o
LOAD ./Core/Src/syscalls.o
LOAD ./Core/Src/sysmem.o
LOAD ./Core/Src/system_stm32h5xx_s.o
LOAD ./Core/Startup/startup_stm32h563zitx.o
LOAD ./Drivers/STM32H5xx_HAL_Driver/stm32h5xx_hal.o
LOAD ./Drivers/STM32H5xx_HAL_Driver/stm32h5xx_hal_cortex.o
LOAD ./Drivers/STM32H5xx_HAL_Driver/stm32h5xx_hal_dma.o
LOAD ./Drivers/STM32H5xx_HAL_Driver/stm32h5xx_hal_dma_ex.o
LOAD ./Drivers/STM32H5xx_HAL_Driver/stm32h5xx_hal_exti.o
LOAD ./Drivers/STM32H5xx_HAL_Driver/stm32h5xx_hal_flash.o
LOAD ./Drivers/STM32H5xx_HAL_Driver/stm32h5xx_hal_flash_ex.o
LOAD ./Drivers/STM32H5xx_HAL_Driver/stm32h5xx_hal_gpio.o
LOAD ./Drivers/STM32H5xx_HAL_Driver/stm32h5xx_hal_gtzc.o
LOAD ./Drivers/STM32H5xx_HAL_Driver/stm32h5xx_hal_icache.o
LOAD ./Drivers/STM32H5xx_HAL_Driver/stm32h5xx_hal_pwr.o
LOAD ./Drivers/STM32H5xx_HAL_Driver/stm32h5xx_hal_pwr_ex.o
LOAD ./Drivers/STM32H5xx_HAL_Driver/stm32h5xx_hal_rcc.o
LOAD ./Drivers/STM32H5xx_HAL_Driver/stm32h5xx_hal_rcc_ex.o
LOAD ./Drivers/STM32H5xx_HAL_Driver/stm32h5xx_hal_tim.o
LOAD ./Drivers/STM32H5xx_HAL_Driver/stm32h5xx_hal_tim_ex.o
LOAD ./Middlewares/ST/threadx/Core/tx_thread_secure_stack.o
START GROUP
LOAD C:/ST/STM32CubeIDE_1.15.1/STM32CubeIDE/plugins/com.st.stm32cube.ide.mcu.externaltools.gnu-tools-for-stm32.12.3.rel1.win32_1.0.100.202403111256/tools/bin/../lib/gcc/arm-none-eabi/12.3.1/../../../../arm-none-eabi/lib/thumb/v8-m.main+fp/hard\libc_nano.a
LOAD C:/ST/STM32CubeIDE_1.15.1/STM32CubeIDE/plugins/com.st.stm32cube.ide.mcu.externaltools.gnu-tools-for-stm32.12.3.rel1.win32_1.0.100.202403111256/tools/bin/../lib/gcc/arm-none-eabi/12.3.1/../../../../arm-none-eabi/lib/thumb/v8-m.main+fp/hard\libm.a
END GROUP
START GROUP
LOAD C:/ST/STM32CubeIDE_1.15.1/STM32CubeIDE/plugins/com.st.stm32cube.ide.mcu.externaltools.gnu-tools-for-stm32.12.3.rel1.win32_1.0.100.202403111256/tools/bin/../lib/gcc/arm-none-eabi/12.3.1/thumb/v8-m.main+fp/hard\libgcc.a
LOAD C:/ST/STM32CubeIDE_1.15.1/STM32CubeIDE/plugins/com.st.stm32cube.ide.mcu.externaltools.gnu-tools-for-stm32.12.3.rel1.win32_1.0.100.202403111256/tools/bin/../lib/gcc/arm-none-eabi/12.3.1/../../../../arm-none-eabi/lib/thumb/v8-m.main+fp/hard\libc_nano.a
END GROUP
START GROUP
LOAD C:/ST/STM32CubeIDE_1.15.1/STM32CubeIDE/plugins/com.st.stm32cube.ide.mcu.externaltools.gnu-tools-for-stm32.12.3.rel1.win32_1.0.100.202403111256/tools/bin/../lib/gcc/arm-none-eabi/12.3.1/thumb/v8-m.main+fp/hard\libgcc.a
LOAD C:/ST/STM32CubeIDE_1.15.1/STM32CubeIDE/plugins/com.st.stm32cube.ide.mcu.externaltools.gnu-tools-for-stm32.12.3.rel1.win32_1.0.100.202403111256/tools/bin/../lib/gcc/arm-none-eabi/12.3.1/../../../../arm-none-eabi/lib/thumb/v8-m.main+fp/hard\libc_nano.a
LOAD C:/ST/STM32CubeIDE_1.15.1/STM32CubeIDE/plugins/com.st.stm32cube.ide.mcu.externaltools.gnu-tools-for-stm32.12.3.rel1.win32_1.0.100.202403111256/tools/bin/../lib/gcc/arm-none-eabi/12.3.1/../../../../arm-none-eabi/lib/thumb/v8-m.main+fp/hard\libnosys.a
END GROUP
START GROUP
LOAD C:/ST/STM32CubeIDE_1.15.1/STM32CubeIDE/plugins/com.st.stm32cube.ide.mcu.externaltools.gnu-tools-for-stm32.12.3.rel1.win32_1.0.100.202403111256/tools/bin/../lib/gcc/arm-none-eabi/12.3.1/thumb/v8-m.main+fp/hard\libgcc.a
LOAD C:/ST/STM32CubeIDE_1.15.1/STM32CubeIDE/plugins/com.st.stm32cube.ide.mcu.externaltools.gnu-tools-for-stm32.12.3.rel1.win32_1.0.100.202403111256/tools/bin/../lib/gcc/arm-none-eabi/12.3.1/../../../../arm-none-eabi/lib/thumb/v8-m.main+fp/hard\libc_nano.a
LOAD C:/ST/STM32CubeIDE_1.15.1/STM32CubeIDE/plugins/com.st.stm32cube.ide.mcu.externaltools.gnu-tools-for-stm32.12.3.rel1.win32_1.0.100.202403111256/tools/bin/../lib/gcc/arm-none-eabi/12.3.1/../../../../arm-none-eabi/lib/thumb/v8-m.main+fp/hard\libnosys.a
END GROUP
LOAD C:/ST/STM32CubeIDE_1.15.1/STM32CubeIDE/plugins/com.st.stm32cube.ide.mcu.externaltools.gnu-tools-for-stm32.12.3.rel1.win32_1.0.100.202403111256/tools/bin/../lib/gcc/arm-none-eabi/12.3.1/thumb/v8-m.main+fp/hard/crtend.o
LOAD C:/ST/STM32CubeIDE_1.15.1/STM32CubeIDE/plugins/com.st.stm32cube.ide.mcu.externaltools.gnu-tools-for-stm32.12.3.rel1.win32_1.0.100.202403111256/tools/bin/../lib/gcc/arm-none-eabi/12.3.1/thumb/v8-m.main+fp/hard/crtn.o
                0x30050000                        _estack = (ORIGIN (RAM) + LENGTH (RAM))
                0x00000200                        _Min_Heap_Size = 0x200
                0x00000400                        _Min_Stack_Size = 0x400

.tcp_sec        0x30000000    0x40200
                0x30040000                        . = ABSOLUTE (0x30040000)
 *fill*         0x30000000    0x40000 
 *(.RxDecripSection)
                0x30040060                        . = ABSOLUTE (0x30040060)
 *fill*         0x30040000       0x60 
 *(.TxDecripSection)
                0x30040200                        . = ABSOLUTE (0x30040200)
 *fill*         0x30040060      0x1a0 
 *(.NetXPoolSection)

.isr_vector     0x0c000000      0x24c
                0x0c000000                        . = ALIGN (0x4)
 *(.isr_vector)
 .isr_vector    0x0c000000      0x24c ./Core/Startup/startup_stm32h563zitx.o
                0x0c000000                g_pfnVectors
                0x0c00024c                        . = ALIGN (0x4)

.text           0x0c00024c     0x1e90
                0x0c00024c                        . = ALIGN (0x4)
 *(.text)
 .text          0x0c00024c       0x40 C:/ST/STM32CubeIDE_1.15.1/STM32CubeIDE/plugins/com.st.stm32cube.ide.mcu.externaltools.gnu-tools-for-stm32.12.3.rel1.win32_1.0.100.202403111256/tools/bin/../lib/gcc/arm-none-eabi/12.3.1/thumb/v8-m.main+fp/hard/crtbegin.o
 .text          0x0c00028c       0x5c C:/ST/STM32CubeIDE_1.15.1/STM32CubeIDE/plugins/com.st.stm32cube.ide.mcu.externaltools.gnu-tools-for-stm32.12.3.rel1.win32_1.0.100.202403111256/tools/bin/../lib/gcc/arm-none-eabi/12.3.1/thumb/v8-m.main+fp/hard\libgcc.a(cmse_nonsecure_call.o)
                0x0c00028c                __gnu_cmse_nonsecure_call
 *(.text*)
 .text.main     0x0c0002e8       0x1c ./Core/Src/main.o
                0x0c0002e8                main
 .text.NonSecure_Init
                0x0c000304       0x88 ./Core/Src/main.o
 .text.MX_GTZC_S_Init
                0x0c00038c      0x2ac ./Core/Src/main.o
 .text.MX_ICACHE_Init
                0x0c000638        0xe ./Core/Src/main.o
 *fill*         0x0c000646        0x2 
 .text.MX_GPIO_Init
                0x0c000648      0x114 ./Core/Src/main.o
 .text.Error_Handler
                0x0c00075c        0xc ./Core/Src/main.o
                0x0c00075c                Error_Handler
 .text.SECURE_RegisterCallback
                0x0c000768       0xa8 ./Core/Src/secure_nsc.o
                0x0c000768                __acle_se_SECURE_RegisterCallback
 .text.HAL_MspInit
                0x0c000810       0x34 ./Core/Src/stm32h5xx_hal_msp.o
                0x0c000810                HAL_MspInit
 .text.NMI_Handler
                0x0c000844        0x8 ./Core/Src/stm32h5xx_it.o
                0x0c000844                NMI_Handler
 .text.HardFault_Handler
                0x0c00084c        0x8 ./Core/Src/stm32h5xx_it.o
                0x0c00084c                HardFault_Handler
 .text.MemManage_Handler
                0x0c000854        0x8 ./Core/Src/stm32h5xx_it.o
                0x0c000854                MemManage_Handler
 .text.BusFault_Handler
                0x0c00085c        0x8 ./Core/Src/stm32h5xx_it.o
                0x0c00085c                BusFault_Handler
 .text.UsageFault_Handler
                0x0c000864        0x8 ./Core/Src/stm32h5xx_it.o
                0x0c000864                UsageFault_Handler
 .text.SecureFault_Handler
                0x0c00086c        0x8 ./Core/Src/stm32h5xx_it.o
                0x0c00086c                SecureFault_Handler
 .text.SVC_Handler
                0x0c000874        0xe ./Core/Src/stm32h5xx_it.o
                0x0c000874                SVC_Handler
 .text.DebugMon_Handler
                0x0c000882        0xe ./Core/Src/stm32h5xx_it.o
                0x0c000882                DebugMon_Handler
 .text.PendSV_Handler
                0x0c000890        0xe ./Core/Src/stm32h5xx_it.o
                0x0c000890                PendSV_Handler
 .text.SysTick_Handler
                0x0c00089e        0xc ./Core/Src/stm32h5xx_it.o
                0x0c00089e                SysTick_Handler
 *fill*         0x0c0008aa        0x2 
 .text._sbrk    0x0c0008ac       0x6c ./Core/Src/sysmem.o
                0x0c0008ac                _sbrk
 .text.TZ_SAU_Setup
                0x0c000918       0xa4 ./Core/Src/system_stm32h5xx_s.o
 .text.SystemInit
                0x0c0009bc      0x10c ./Core/Src/system_stm32h5xx_s.o
                0x0c0009bc                SystemInit
 .text.SystemCoreClockUpdate
                0x0c000ac8      0x26c ./Core/Src/system_stm32h5xx_s.o
                0x0c000ac8                SystemCoreClockUpdate
 .text.SECURE_SystemCoreClockUpdate
                0x0c000d34       0x80 ./Core/Src/system_stm32h5xx_s.o
                0x0c000d34                __acle_se_SECURE_SystemCoreClockUpdate
 .text.Reset_Handler
                0x0c000db4       0x50 ./Core/Startup/startup_stm32h563zitx.o
                0x0c000db4                Reset_Handler
 .text.Default_Handler
                0x0c000e04        0x2 ./Core/Startup/startup_stm32h563zitx.o
                0x0c000e04                EXTI2_IRQHandler
                0x0c000e04                TIM8_TRG_COM_IRQHandler
                0x0c000e04                TIM8_CC_IRQHandler
                0x0c000e04                EXTI5_IRQHandler
                0x0c000e04                I3C1_ER_IRQHandler
                0x0c000e04                UART8_IRQHandler
                0x0c000e04                SPI4_IRQHandler
                0x0c000e04                GPDMA2_Channel1_IRQHandler
                0x0c000e04                FLASH_S_IRQHandler
                0x0c000e04                EXTI13_IRQHandler
                0x0c000e04                TIM1_CC_IRQHandler
                0x0c000e04                GPDMA2_Channel3_IRQHandler
                0x0c000e04                TAMP_IRQHandler
                0x0c000e04                TIM6_IRQHandler
                0x0c000e04                EXTI12_IRQHandler
                0x0c000e04                CORDIC_IRQHandler
                0x0c000e04                USB_DRD_FS_IRQHandler
                0x0c000e04                EXTI3_IRQHandler
                0x0c000e04                LPTIM4_IRQHandler
                0x0c000e04                GPDMA1_Channel5_IRQHandler
                0x0c000e04                EXTI8_IRQHandler
                0x0c000e04                GPDMA2_Channel5_IRQHandler
                0x0c000e04                LPTIM2_IRQHandler
                0x0c000e04                I2C3_ER_IRQHandler
                0x0c000e04                GPDMA2_Channel2_IRQHandler
                0x0c000e04                USART10_IRQHandler
                0x0c000e04                LPTIM3_IRQHandler
                0x0c000e04                EXTI0_IRQHandler
                0x0c000e04                I2C2_EV_IRQHandler
                0x0c000e04                FPU_IRQHandler
                0x0c000e04                GPDMA1_Channel3_IRQHandler
                0x0c000e04                GPDMA1_Channel7_IRQHandler
                0x0c000e04                FDCAN1_IT1_IRQHandler
                0x0c000e04                RAMCFG_IRQHandler
                0x0c000e04                DCACHE1_IRQHandler
                0x0c000e04                SPI1_IRQHandler
                0x0c000e04                OCTOSPI1_IRQHandler
                0x0c000e04                GPDMA1_Channel2_IRQHandler
                0x0c000e04                TIM8_UP_IRQHandler
                0x0c000e04                RCC_S_IRQHandler
                0x0c000e04                SAI2_IRQHandler
                0x0c000e04                ADC1_IRQHandler
                0x0c000e04                USART6_IRQHandler
                0x0c000e04                EXTI15_IRQHandler
                0x0c000e04                TIM17_IRQHandler
                0x0c000e04                USART3_IRQHandler
                0x0c000e04                RTC_IRQHandler
                0x0c000e04                EXTI9_IRQHandler
                0x0c000e04                LPTIM5_IRQHandler
                0x0c000e04                UART5_IRQHandler
                0x0c000e04                TIM4_IRQHandler
                0x0c000e04                I2C1_EV_IRQHandler
                0x0c000e04                GPDMA1_Channel1_IRQHandler
                0x0c000e04                TIM16_IRQHandler
                0x0c000e04                UART4_IRQHandler
                0x0c000e04                TIM3_IRQHandler
                0x0c000e04                RCC_IRQHandler
                0x0c000e04                UART9_IRQHandler
                0x0c000e04                TIM1_TRG_COM_IRQHandler
                0x0c000e04                Default_Handler
                0x0c000e04                FMAC_IRQHandler
                0x0c000e04                CEC_IRQHandler
                0x0c000e04                USART11_IRQHandler
                0x0c000e04                TIM14_IRQHandler
                0x0c000e04                TIM13_IRQHandler
                0x0c000e04                GPDMA2_Channel4_IRQHandler
                0x0c000e04                SPI5_IRQHandler
                0x0c000e04                TIM12_IRQHandler
                0x0c000e04                TIM7_IRQHandler
                0x0c000e04                SDMMC1_IRQHandler
                0x0c000e04                TIM5_IRQHandler
                0x0c000e04                UCPD1_IRQHandler
                0x0c000e04                GPDMA1_Channel0_IRQHandler
                0x0c000e04                I3C1_EV_IRQHandler
                0x0c000e04                TIM15_IRQHandler
                0x0c000e04                PVD_AVD_IRQHandler
                0x0c000e04                I2C3_EV_IRQHandler
                0x0c000e04                ETH_WKUP_IRQHandler
                0x0c000e04                ADC2_IRQHandler
                0x0c000e04                SPI2_IRQHandler
                0x0c000e04                EXTI14_IRQHandler
                0x0c000e04                EXTI11_IRQHandler
                0x0c000e04                CRS_IRQHandler
                0x0c000e04                EXTI4_IRQHandler
                0x0c000e04                GPDMA2_Channel0_IRQHandler
                0x0c000e04                RTC_S_IRQHandler
                0x0c000e04                RNG_IRQHandler
                0x0c000e04                FDCAN2_IT1_IRQHandler
                0x0c000e04                ETH_IRQHandler
                0x0c000e04                GPDMA2_Channel6_IRQHandler
                0x0c000e04                TIM1_UP_IRQHandler
                0x0c000e04                UART12_IRQHandler
                0x0c000e04                WWDG_IRQHandler
                0x0c000e04                SPI6_IRQHandler
                0x0c000e04                I2C4_EV_IRQHandler
                0x0c000e04                FDCAN2_IT0_IRQHandler
                0x0c000e04                IWDG_IRQHandler
                0x0c000e04                LPUART1_IRQHandler
                0x0c000e04                FDCAN1_IT0_IRQHandler
                0x0c000e04                TIM2_IRQHandler
                0x0c000e04                GPDMA1_Channel4_IRQHandler
                0x0c000e04                EXTI7_IRQHandler
                0x0c000e04                TIM1_BRK_IRQHandler
                0x0c000e04                EXTI1_IRQHandler
                0x0c000e04                SDMMC2_IRQHandler
                0x0c000e04                LPTIM6_IRQHandler
                0x0c000e04                DAC1_IRQHandler
                0x0c000e04                DTS_IRQHandler
                0x0c000e04                UART7_IRQHandler
                0x0c000e04                GTZC_IRQHandler
                0x0c000e04                USART2_IRQHandler
                0x0c000e04                GPDMA1_Channel6_IRQHandler
                0x0c000e04                GPDMA2_Channel7_IRQHandler
                0x0c000e04                I2C2_ER_IRQHandler
                0x0c000e04                TIM8_BRK_IRQHandler
                0x0c000e04                FLASH_IRQHandler
                0x0c000e04                USART1_IRQHandler
                0x0c000e04                EXTI10_IRQHandler
                0x0c000e04                SPI3_IRQHandler
                0x0c000e04                I2C1_ER_IRQHandler
                0x0c000e04                FMC_IRQHandler
                0x0c000e04                EXTI6_IRQHandler
                0x0c000e04                LPTIM1_IRQHandler
                0x0c000e04                DCMI_PSSI_IRQHandler
                0x0c000e04                I2C4_ER_IRQHandler
                0x0c000e04                ICACHE_IRQHandler
                0x0c000e04                SAI1_IRQHandler
                0x0c000e04                HASH_IRQHandler
 *fill*         0x0c000e06        0x2 
 .text.HAL_Init
                0x0c000e08       0x50 ./Drivers/STM32H5xx_HAL_Driver/stm32h5xx_hal.o
                0x0c000e08                HAL_Init
 .text.HAL_InitTick
                0x0c000e58       0xec ./Drivers/STM32H5xx_HAL_Driver/stm32h5xx_hal.o
                0x0c000e58                HAL_InitTick
 .text.HAL_IncTick
                0x0c000f44       0x28 ./Drivers/STM32H5xx_HAL_Driver/stm32h5xx_hal.o
                0x0c000f44                HAL_IncTick
 .text.__NVIC_SetPriorityGrouping
                0x0c000f6c       0x48 ./Drivers/STM32H5xx_HAL_Driver/stm32h5xx_hal_cortex.o
 .text.__NVIC_GetPriorityGrouping
                0x0c000fb4       0x1c ./Drivers/STM32H5xx_HAL_Driver/stm32h5xx_hal_cortex.o
 .text.__NVIC_SetPriority
                0x0c000fd0       0x54 ./Drivers/STM32H5xx_HAL_Driver/stm32h5xx_hal_cortex.o
 .text.NVIC_EncodePriority
                0x0c001024       0x66 ./Drivers/STM32H5xx_HAL_Driver/stm32h5xx_hal_cortex.o
 .text.HAL_NVIC_SetPriorityGrouping
                0x0c00108a       0x16 ./Drivers/STM32H5xx_HAL_Driver/stm32h5xx_hal_cortex.o
                0x0c00108a                HAL_NVIC_SetPriorityGrouping
 .text.HAL_NVIC_SetPriority
                0x0c0010a0       0x34 ./Drivers/STM32H5xx_HAL_Driver/stm32h5xx_hal_cortex.o
                0x0c0010a0                HAL_NVIC_SetPriority
 .text.HAL_SYSTICK_Config
                0x0c0010d4       0x44 ./Drivers/STM32H5xx_HAL_Driver/stm32h5xx_hal_cortex.o
                0x0c0010d4                HAL_SYSTICK_Config
 .text.HAL_SYSTICK_CLKSourceConfig
                0x0c001118       0xb0 ./Drivers/STM32H5xx_HAL_Driver/stm32h5xx_hal_cortex.o
                0x0c001118                HAL_SYSTICK_CLKSourceConfig
 .text.HAL_SYSTICK_GetCLKSourceConfig
                0x0c0011c8       0x6c ./Drivers/STM32H5xx_HAL_Driver/stm32h5xx_hal_cortex.o
                0x0c0011c8                HAL_SYSTICK_GetCLKSourceConfig
 .text.HAL_GPIO_ConfigPinAttributes
                0x0c001234       0x70 ./Drivers/STM32H5xx_HAL_Driver/stm32h5xx_hal_gpio.o
                0x0c001234                HAL_GPIO_ConfigPinAttributes
 .text.HAL_GTZC_TZSC_ConfigPeriphAttributes
                0x0c0012a4      0x1ec ./Drivers/STM32H5xx_HAL_Driver/stm32h5xx_hal_gtzc.o
                0x0c0012a4                HAL_GTZC_TZSC_ConfigPeriphAttributes
 .text.HAL_GTZC_MPCBB_ConfigMem
                0x0c001490      0x174 ./Drivers/STM32H5xx_HAL_Driver/stm32h5xx_hal_gtzc.o
                0x0c001490                HAL_GTZC_MPCBB_ConfigMem
 .text.HAL_RCC_GetSysClockFreq
                0x0c001604      0x258 ./Drivers/STM32H5xx_HAL_Driver/stm32h5xx_hal_rcc.o
                0x0c001604                HAL_RCC_GetSysClockFreq
 .text._tx_thread_secure_mode_stack_initialize
                0x0c00185c       0xf8 ./Middlewares/ST/threadx/Core/tx_thread_secure_stack.o
                0x0c00185c                __acle_se__tx_thread_secure_mode_stack_initialize
 .text._tx_thread_secure_mode_stack_allocate
                0x0c001954      0x1ec ./Middlewares/ST/threadx/Core/tx_thread_secure_stack.o
                0x0c001954                __acle_se__tx_thread_secure_mode_stack_allocate
 .text._tx_thread_secure_mode_stack_free
                0x0c001b40      0x120 ./Middlewares/ST/threadx/Core/tx_thread_secure_stack.o
                0x0c001b40                __acle_se__tx_thread_secure_mode_stack_free
 .text._tx_thread_secure_stack_context_save
                0x0c001c60       0xf8 ./Middlewares/ST/threadx/Core/tx_thread_secure_stack.o
                0x0c001c60                __acle_se__tx_thread_secure_stack_context_save
 .text._tx_thread_secure_stack_context_restore
                0x0c001d58       0xd4 ./Middlewares/ST/threadx/Core/tx_thread_secure_stack.o
                0x0c001d58                __acle_se__tx_thread_secure_stack_context_restore
 .text.malloc   0x0c001e2c       0x10 C:/ST/STM32CubeIDE_1.15.1/STM32CubeIDE/plugins/com.st.stm32cube.ide.mcu.externaltools.gnu-tools-for-stm32.12.3.rel1.win32_1.0.100.202403111256/tools/bin/../lib/gcc/arm-none-eabi/12.3.1/../../../../arm-none-eabi/lib/thumb/v8-m.main+fp/hard\libc_nano.a(libc_a-malloc.o)
                0x0c001e2c                malloc
 .text.free     0x0c001e3c       0x10 C:/ST/STM32CubeIDE_1.15.1/STM32CubeIDE/plugins/com.st.stm32cube.ide.mcu.externaltools.gnu-tools-for-stm32.12.3.rel1.win32_1.0.100.202403111256/tools/bin/../lib/gcc/arm-none-eabi/12.3.1/../../../../arm-none-eabi/lib/thumb/v8-m.main+fp/hard\libc_nano.a(libc_a-malloc.o)
                0x0c001e3c                free
 .text.sbrk_aligned
                0x0c001e4c       0x44 C:/ST/STM32CubeIDE_1.15.1/STM32CubeIDE/plugins/com.st.stm32cube.ide.mcu.externaltools.gnu-tools-for-stm32.12.3.rel1.win32_1.0.100.202403111256/tools/bin/../lib/gcc/arm-none-eabi/12.3.1/../../../../arm-none-eabi/lib/thumb/v8-m.main+fp/hard\libc_nano.a(libc_a-mallocr.o)
 .text._malloc_r
                0x0c001e90      0x100 C:/ST/STM32CubeIDE_1.15.1/STM32CubeIDE/plugins/com.st.stm32cube.ide.mcu.externaltools.gnu-tools-for-stm32.12.3.rel1.win32_1.0.100.202403111256/tools/bin/../lib/gcc/arm-none-eabi/12.3.1/../../../../arm-none-eabi/lib/thumb/v8-m.main+fp/hard\libc_nano.a(libc_a-mallocr.o)
                0x0c001e90                _malloc_r
 .text.__malloc_lock
                0x0c001f90        0xc C:/ST/STM32CubeIDE_1.15.1/STM32CubeIDE/plugins/com.st.stm32cube.ide.mcu.externaltools.gnu-tools-for-stm32.12.3.rel1.win32_1.0.100.202403111256/tools/bin/../lib/gcc/arm-none-eabi/12.3.1/../../../../arm-none-eabi/lib/thumb/v8-m.main+fp/hard\libc_nano.a(libc_a-mlock.o)
                0x0c001f90                __malloc_lock
 .text.__malloc_unlock
                0x0c001f9c        0xc C:/ST/STM32CubeIDE_1.15.1/STM32CubeIDE/plugins/com.st.stm32cube.ide.mcu.externaltools.gnu-tools-for-stm32.12.3.rel1.win32_1.0.100.202403111256/tools/bin/../lib/gcc/arm-none-eabi/12.3.1/../../../../arm-none-eabi/lib/thumb/v8-m.main+fp/hard\libc_nano.a(libc_a-mlock.o)
                0x0c001f9c                __malloc_unlock
 .text.memset   0x0c001fa8       0x10 C:/ST/STM32CubeIDE_1.15.1/STM32CubeIDE/plugins/com.st.stm32cube.ide.mcu.externaltools.gnu-tools-for-stm32.12.3.rel1.win32_1.0.100.202403111256/tools/bin/../lib/gcc/arm-none-eabi/12.3.1/../../../../arm-none-eabi/lib/thumb/v8-m.main+fp/hard\libc_nano.a(libc_a-memset.o)
                0x0c001fa8                memset
 .text._sbrk_r  0x0c001fb8       0x20 C:/ST/STM32CubeIDE_1.15.1/STM32CubeIDE/plugins/com.st.stm32cube.ide.mcu.externaltools.gnu-tools-for-stm32.12.3.rel1.win32_1.0.100.202403111256/tools/bin/../lib/gcc/arm-none-eabi/12.3.1/../../../../arm-none-eabi/lib/thumb/v8-m.main+fp/hard\libc_nano.a(libc_a-sbrkr.o)
                0x0c001fb8                _sbrk_r
 .text.__errno  0x0c001fd8        0xc C:/ST/STM32CubeIDE_1.15.1/STM32CubeIDE/plugins/com.st.stm32cube.ide.mcu.externaltools.gnu-tools-for-stm32.12.3.rel1.win32_1.0.100.202403111256/tools/bin/../lib/gcc/arm-none-eabi/12.3.1/../../../../arm-none-eabi/lib/thumb/v8-m.main+fp/hard\libc_nano.a(libc_a-errno.o)
                0x0c001fd8                __errno
 .text.__libc_init_array
                0x0c001fe4       0x48 C:/ST/STM32CubeIDE_1.15.1/STM32CubeIDE/plugins/com.st.stm32cube.ide.mcu.externaltools.gnu-tools-for-stm32.12.3.rel1.win32_1.0.100.202403111256/tools/bin/../lib/gcc/arm-none-eabi/12.3.1/../../../../arm-none-eabi/lib/thumb/v8-m.main+fp/hard\libc_nano.a(libc_a-init.o)
                0x0c001fe4                __libc_init_array
 .text.__retarget_lock_acquire_recursive
                0x0c00202c        0x2 C:/ST/STM32CubeIDE_1.15.1/STM32CubeIDE/plugins/com.st.stm32cube.ide.mcu.externaltools.gnu-tools-for-stm32.12.3.rel1.win32_1.0.100.202403111256/tools/bin/../lib/gcc/arm-none-eabi/12.3.1/../../../../arm-none-eabi/lib/thumb/v8-m.main+fp/hard\libc_nano.a(libc_a-lock.o)
                0x0c00202c                __retarget_lock_acquire_recursive
 .text.__retarget_lock_release_recursive
                0x0c00202e        0x2 C:/ST/STM32CubeIDE_1.15.1/STM32CubeIDE/plugins/com.st.stm32cube.ide.mcu.externaltools.gnu-tools-for-stm32.12.3.rel1.win32_1.0.100.202403111256/tools/bin/../lib/gcc/arm-none-eabi/12.3.1/../../../../arm-none-eabi/lib/thumb/v8-m.main+fp/hard\libc_nano.a(libc_a-lock.o)
                0x0c00202e                __retarget_lock_release_recursive
 .text._free_r  0x0c002030       0x94 C:/ST/STM32CubeIDE_1.15.1/STM32CubeIDE/plugins/com.st.stm32cube.ide.mcu.externaltools.gnu-tools-for-stm32.12.3.rel1.win32_1.0.100.202403111256/tools/bin/../lib/gcc/arm-none-eabi/12.3.1/../../../../arm-none-eabi/lib/thumb/v8-m.main+fp/hard\libc_nano.a(libc_a-freer.o)
                0x0c002030                _free_r
 *(.glue_7)
 .glue_7        0x0c0020c4        0x0 linker stubs
 *(.glue_7t)
 .glue_7t       0x0c0020c4        0x0 linker stubs
 *(.eh_frame)
 .eh_frame      0x0c0020c4        0x0 C:/ST/STM32CubeIDE_1.15.1/STM32CubeIDE/plugins/com.st.stm32cube.ide.mcu.externaltools.gnu-tools-for-stm32.12.3.rel1.win32_1.0.100.202403111256/tools/bin/../lib/gcc/arm-none-eabi/12.3.1/thumb/v8-m.main+fp/hard/crtbegin.o
 *(.init)
 .init          0x0c0020c4        0x4 C:/ST/STM32CubeIDE_1.15.1/STM32CubeIDE/plugins/com.st.stm32cube.ide.mcu.externaltools.gnu-tools-for-stm32.12.3.rel1.win32_1.0.100.202403111256/tools/bin/../lib/gcc/arm-none-eabi/12.3.1/thumb/v8-m.main+fp/hard/crti.o
                0x0c0020c4                _init
 .init          0x0c0020c8        0x8 C:/ST/STM32CubeIDE_1.15.1/STM32CubeIDE/plugins/com.st.stm32cube.ide.mcu.externaltools.gnu-tools-for-stm32.12.3.rel1.win32_1.0.100.202403111256/tools/bin/../lib/gcc/arm-none-eabi/12.3.1/thumb/v8-m.main+fp/hard/crtn.o
 *(.fini)
 .fini          0x0c0020d0        0x4 C:/ST/STM32CubeIDE_1.15.1/STM32CubeIDE/plugins/com.st.stm32cube.ide.mcu.externaltools.gnu-tools-for-stm32.12.3.rel1.win32_1.0.100.202403111256/tools/bin/../lib/gcc/arm-none-eabi/12.3.1/thumb/v8-m.main+fp/hard/crti.o
                0x0c0020d0                _fini
 .fini          0x0c0020d4        0x8 C:/ST/STM32CubeIDE_1.15.1/STM32CubeIDE/plugins/com.st.stm32cube.ide.mcu.externaltools.gnu-tools-for-stm32.12.3.rel1.win32_1.0.100.202403111256/tools/bin/../lib/gcc/arm-none-eabi/12.3.1/thumb/v8-m.main+fp/hard/crtn.o
                0x0c0020dc                        . = ALIGN (0x4)
                0x0c0020dc                        _etext = .

.vfp11_veneer   0x0c0020dc        0x0
 .vfp11_veneer  0x0c0020dc        0x0 linker stubs

.v4_bx          0x0c0020dc        0x0
 .v4_bx         0x0c0020dc        0x0 linker stubs

.iplt           0x0c0020dc        0x0
 .iplt          0x0c0020dc        0x0 C:/ST/STM32CubeIDE_1.15.1/STM32CubeIDE/plugins/com.st.stm32cube.ide.mcu.externaltools.gnu-tools-for-stm32.12.3.rel1.win32_1.0.100.202403111256/tools/bin/../lib/gcc/arm-none-eabi/12.3.1/thumb/v8-m.main+fp/hard/crtbegin.o

.rodata         0x0c0020dc       0x10
                0x0c0020dc                        . = ALIGN (0x4)
 *(.rodata)
 *(.rodata*)
 .rodata.AHBPrescTable
                0x0c0020dc       0x10 ./Core/Src/system_stm32h5xx_s.o
                0x0c0020dc                AHBPrescTable
                0x0c0020ec                        . = ALIGN (0x4)

.ARM.extab      0x0c0020ec        0x0
                0x0c0020ec                        . = ALIGN (0x4)
 *(.ARM.extab* .gnu.linkonce.armextab.*)
                0x0c0020ec                        . = ALIGN (0x4)

.ARM            0x0c0020ec        0x0
                0x0c0020ec                        . = ALIGN (0x4)
                0x0c0020ec                        __exidx_start = .
 *(.ARM.exidx*)
                0x0c0020ec                        __exidx_end = .
                0x0c0020ec                        . = ALIGN (0x4)

.preinit_array  0x0c0020ec        0x0
                0x0c0020ec                        . = ALIGN (0x4)
                0x0c0020ec                        PROVIDE (__preinit_array_start = .)
 *(.preinit_array*)
                0x0c0020ec                        PROVIDE (__preinit_array_end = .)
                0x0c0020ec                        . = ALIGN (0x4)

.init_array     0x0c0020ec        0x4
                0x0c0020ec                        . = ALIGN (0x4)
                0x0c0020ec                        PROVIDE (__init_array_start = .)
 *(SORT_BY_NAME(.init_array.*))
 *(.init_array*)
 .init_array    0x0c0020ec        0x4 C:/ST/STM32CubeIDE_1.15.1/STM32CubeIDE/plugins/com.st.stm32cube.ide.mcu.externaltools.gnu-tools-for-stm32.12.3.rel1.win32_1.0.100.202403111256/tools/bin/../lib/gcc/arm-none-eabi/12.3.1/thumb/v8-m.main+fp/hard/crtbegin.o
                0x0c0020f0                        PROVIDE (__init_array_end = .)
                0x0c0020f0                        . = ALIGN (0x4)

.fini_array     0x0c0020f0        0x4
                0x0c0020f0                        . = ALIGN (0x4)
                [!provide]                        PROVIDE (__fini_array_start = .)
 *(SORT_BY_NAME(.fini_array.*))
 *(.fini_array*)
 .fini_array    0x0c0020f0        0x4 C:/ST/STM32CubeIDE_1.15.1/STM32CubeIDE/plugins/com.st.stm32cube.ide.mcu.externaltools.gnu-tools-for-stm32.12.3.rel1.win32_1.0.100.202403111256/tools/bin/../lib/gcc/arm-none-eabi/12.3.1/thumb/v8-m.main+fp/hard/crtbegin.o
                [!provide]                        PROVIDE (__fini_array_end = .)
                0x0c0020f4                        . = ALIGN (0x4)
                0x0c0020f4                        _sidata = LOADADDR (.data)

.rel.dyn        0x0c0020f4        0x0
 .rel.iplt      0x0c0020f4        0x0 C:/ST/STM32CubeIDE_1.15.1/STM32CubeIDE/plugins/com.st.stm32cube.ide.mcu.externaltools.gnu-tools-for-stm32.12.3.rel1.win32_1.0.100.202403111256/tools/bin/../lib/gcc/arm-none-eabi/12.3.1/thumb/v8-m.main+fp/hard/crtbegin.o

.data           0x30040200       0x5c load address 0x0c0020f4
                0x30040200                        . = ALIGN (0x4)
                0x30040200                        _sdata = .
 *(.data)
 *(.data*)
 .data.SystemCoreClock
                0x30040200        0x4 ./Core/Src/system_stm32h5xx_s.o
                0x30040200                SystemCoreClock
 .data.uwTickPrio
                0x30040204        0x4 ./Drivers/STM32H5xx_HAL_Driver/stm32h5xx_hal.o
                0x30040204                uwTickPrio
 .data.uwTickFreq
                0x30040208        0x1 ./Drivers/STM32H5xx_HAL_Driver/stm32h5xx_hal.o
                0x30040208                uwTickFreq
 *fill*         0x30040209        0x3 
 .data._impure_ptr
                0x3004020c        0x4 C:/ST/STM32CubeIDE_1.15.1/STM32CubeIDE/plugins/com.st.stm32cube.ide.mcu.externaltools.gnu-tools-for-stm32.12.3.rel1.win32_1.0.100.202403111256/tools/bin/../lib/gcc/arm-none-eabi/12.3.1/../../../../arm-none-eabi/lib/thumb/v8-m.main+fp/hard\libc_nano.a(libc_a-impure.o)
                0x3004020c                _impure_ptr
 .data._impure_data
                0x30040210       0x4c C:/ST/STM32CubeIDE_1.15.1/STM32CubeIDE/plugins/com.st.stm32cube.ide.mcu.externaltools.gnu-tools-for-stm32.12.3.rel1.win32_1.0.100.202403111256/tools/bin/../lib/gcc/arm-none-eabi/12.3.1/../../../../arm-none-eabi/lib/thumb/v8-m.main+fp/hard\libc_nano.a(libc_a-impure.o)
                0x30040210                _impure_data
 *(.RamFunc)
 *(.RamFunc*)
                0x3004025c                        . = ALIGN (0x4)
                0x3004025c                        _edata = .

.igot.plt       0x3004025c        0x0 load address 0x0c002150
 .igot.plt      0x3004025c        0x0 C:/ST/STM32CubeIDE_1.15.1/STM32CubeIDE/plugins/com.st.stm32cube.ide.mcu.externaltools.gnu-tools-for-stm32.12.3.rel1.win32_1.0.100.202403111256/tools/bin/../lib/gcc/arm-none-eabi/12.3.1/thumb/v8-m.main+fp/hard/crtbegin.o

.gnu.sgstubs    0x0c0fe000       0x40
                0x0c0fe000                        . = ALIGN (0x4)
 *(.gnu.sgstubs*)
                0x0c0fe000                        . = ALIGN (0x4)
 .gnu.sgstubs.__stub
                0x0c0fe000       0x38 linker stubs
                0x0c0fe000                SECURE_SystemCoreClockUpdate
                0x0c0fe008                _tx_thread_secure_stack_context_restore
                0x0c0fe010                _tx_thread_secure_mode_stack_initialize
                0x0c0fe018                _tx_thread_secure_mode_stack_allocate
                0x0c0fe020                SECURE_RegisterCallback
                0x0c0fe028                _tx_thread_secure_stack_context_save
                0x0c0fe030                _tx_thread_secure_mode_stack_free
                0x0c0fe038                        . = ALIGN (0x4)

.bss            0x3004025c      0x3f8
                0x3004025c                        _sbss = .
                0x3004025c                        __bss_start__ = _sbss
 *(.bss)
 .bss           0x3004025c       0x1c C:/ST/STM32CubeIDE_1.15.1/STM32CubeIDE/plugins/com.st.stm32cube.ide.mcu.externaltools.gnu-tools-for-stm32.12.3.rel1.win32_1.0.100.202403111256/tools/bin/../lib/gcc/arm-none-eabi/12.3.1/thumb/v8-m.main+fp/hard/crtbegin.o
 *(.bss*)
 .bss.pSecureFaultCallback
                0x30040278        0x4 ./Core/Src/secure_nsc.o
                0x30040278                pSecureFaultCallback
 .bss.pSecureErrorCallback
                0x3004027c        0x4 ./Core/Src/secure_nsc.o
                0x3004027c                pSecureErrorCallback
 .bss.__sbrk_heap_end
                0x30040280        0x4 ./Core/Src/sysmem.o
 .bss.uwTick    0x30040284        0x4 ./Drivers/STM32H5xx_HAL_Driver/stm32h5xx_hal.o
                0x30040284                uwTick
 .bss.tx_thread_secure_context
                0x30040288      0x280 ./Middlewares/ST/threadx/Core/tx_thread_secure_stack.o
 .bss.tx_head_free_index
                0x30040508        0x4 ./Middlewares/ST/threadx/Core/tx_thread_secure_stack.o
 .bss.__malloc_sbrk_start
                0x3004050c        0x4 C:/ST/STM32CubeIDE_1.15.1/STM32CubeIDE/plugins/com.st.stm32cube.ide.mcu.externaltools.gnu-tools-for-stm32.12.3.rel1.win32_1.0.100.202403111256/tools/bin/../lib/gcc/arm-none-eabi/12.3.1/../../../../arm-none-eabi/lib/thumb/v8-m.main+fp/hard\libc_nano.a(libc_a-mallocr.o)
                0x3004050c                __malloc_sbrk_start
 .bss.__malloc_free_list
                0x30040510        0x4 C:/ST/STM32CubeIDE_1.15.1/STM32CubeIDE/plugins/com.st.stm32cube.ide.mcu.externaltools.gnu-tools-for-stm32.12.3.rel1.win32_1.0.100.202403111256/tools/bin/../lib/gcc/arm-none-eabi/12.3.1/../../../../arm-none-eabi/lib/thumb/v8-m.main+fp/hard\libc_nano.a(libc_a-mallocr.o)
                0x30040510                __malloc_free_list
 .bss.__sf      0x30040514      0x138 C:/ST/STM32CubeIDE_1.15.1/STM32CubeIDE/plugins/com.st.stm32cube.ide.mcu.externaltools.gnu-tools-for-stm32.12.3.rel1.win32_1.0.100.202403111256/tools/bin/../lib/gcc/arm-none-eabi/12.3.1/../../../../arm-none-eabi/lib/thumb/v8-m.main+fp/hard\libc_nano.a(libc_a-findfp.o)
                0x30040514                __sf
 .bss.errno     0x3004064c        0x4 C:/ST/STM32CubeIDE_1.15.1/STM32CubeIDE/plugins/com.st.stm32cube.ide.mcu.externaltools.gnu-tools-for-stm32.12.3.rel1.win32_1.0.100.202403111256/tools/bin/../lib/gcc/arm-none-eabi/12.3.1/../../../../arm-none-eabi/lib/thumb/v8-m.main+fp/hard\libc_nano.a(libc_a-reent.o)
                0x3004064c                errno
 .bss.__lock___malloc_recursive_mutex
                0x30040650        0x1 C:/ST/STM32CubeIDE_1.15.1/STM32CubeIDE/plugins/com.st.stm32cube.ide.mcu.externaltools.gnu-tools-for-stm32.12.3.rel1.win32_1.0.100.202403111256/tools/bin/../lib/gcc/arm-none-eabi/12.3.1/../../../../arm-none-eabi/lib/thumb/v8-m.main+fp/hard\libc_nano.a(libc_a-lock.o)
                0x30040650                __lock___malloc_recursive_mutex
 *(COMMON)
                0x30040654                        . = ALIGN (0x4)
 *fill*         0x30040651        0x3 
                0x30040654                        _ebss = .
                0x30040654                        __bss_end__ = _ebss

._user_heap_stack
                0x30040654      0x604
                0x30040658                        . = ALIGN (0x8)
 *fill*         0x30040654        0x4 
                [!provide]                        PROVIDE (end = .)
                0x30040658                        PROVIDE (_end = .)
                0x30040858                        . = (. + _Min_Heap_Size)
 *fill*         0x30040658      0x200 
                0x30040c58                        . = (. + _Min_Stack_Size)
 *fill*         0x30040858      0x400 
                0x30040c58                        . = ALIGN (0x8)

/DISCARD/
 libc.a(*)
 libm.a(*)
 libgcc.a(*)

.ARM.attributes
                0x00000000       0x36
 *(.ARM.attributes)
 .ARM.attributes
                0x00000000       0x26 C:/ST/STM32CubeIDE_1.15.1/STM32CubeIDE/plugins/com.st.stm32cube.ide.mcu.externaltools.gnu-tools-for-stm32.12.3.rel1.win32_1.0.100.202403111256/tools/bin/../lib/gcc/arm-none-eabi/12.3.1/thumb/v8-m.main+fp/hard/crti.o
 .ARM.attributes
                0x00000026       0x38 C:/ST/STM32CubeIDE_1.15.1/STM32CubeIDE/plugins/com.st.stm32cube.ide.mcu.externaltools.gnu-tools-for-stm32.12.3.rel1.win32_1.0.100.202403111256/tools/bin/../lib/gcc/arm-none-eabi/12.3.1/thumb/v8-m.main+fp/hard/crtbegin.o
 .ARM.attributes
                0x0000005e       0x3a ./Core/Src/main.o
 .ARM.attributes
                0x00000098       0x3a ./Core/Src/stm32h5xx_hal_msp.o
 .ARM.attributes
                0x000000d2       0x3a ./Core/Src/stm32h5xx_it.o
 .ARM.attributes
                0x0000010c       0x3a ./Core/Src/system_stm32h5xx_s.o
 .ARM.attributes
                0x00000146       0x24 ./Core/Startup/startup_stm32h563zitx.o
 .ARM.attributes
                0x0000016a       0x3a ./Drivers/STM32H5xx_HAL_Driver/stm32h5xx_hal.o
 .ARM.attributes
                0x000001a4       0x3a ./Drivers/STM32H5xx_HAL_Driver/stm32h5xx_hal_cortex.o
 .ARM.attributes
                0x000001de       0x3a ./Drivers/STM32H5xx_HAL_Driver/stm32h5xx_hal_gpio.o
 .ARM.attributes
                0x00000218       0x3a ./Drivers/STM32H5xx_HAL_Driver/stm32h5xx_hal_gtzc.o
 .ARM.attributes
                0x00000252       0x3a ./Drivers/STM32H5xx_HAL_Driver/stm32h5xx_hal_rcc.o
 .ARM.attributes
                0x0000028c       0x38 C:/ST/STM32CubeIDE_1.15.1/STM32CubeIDE/plugins/com.st.stm32cube.ide.mcu.externaltools.gnu-tools-for-stm32.12.3.rel1.win32_1.0.100.202403111256/tools/bin/../lib/gcc/arm-none-eabi/12.3.1/../../../../arm-none-eabi/lib/thumb/v8-m.main+fp/hard\libc_nano.a(libc_a-memset.o)
 .ARM.attributes
                0x000002c4       0x38 C:/ST/STM32CubeIDE_1.15.1/STM32CubeIDE/plugins/com.st.stm32cube.ide.mcu.externaltools.gnu-tools-for-stm32.12.3.rel1.win32_1.0.100.202403111256/tools/bin/../lib/gcc/arm-none-eabi/12.3.1/../../../../arm-none-eabi/lib/thumb/v8-m.main+fp/hard\libc_nano.a(libc_a-init.o)
 .ARM.attributes
                0x000002fc       0x24 C:/ST/STM32CubeIDE_1.15.1/STM32CubeIDE/plugins/com.st.stm32cube.ide.mcu.externaltools.gnu-tools-for-stm32.12.3.rel1.win32_1.0.100.202403111256/tools/bin/../lib/gcc/arm-none-eabi/12.3.1/thumb/v8-m.main+fp/hard\libgcc.a(cmse_nonsecure_call.o)
 .ARM.attributes
                0x00000320       0x26 C:/ST/STM32CubeIDE_1.15.1/STM32CubeIDE/plugins/com.st.stm32cube.ide.mcu.externaltools.gnu-tools-for-stm32.12.3.rel1.win32_1.0.100.202403111256/tools/bin/../lib/gcc/arm-none-eabi/12.3.1/thumb/v8-m.main+fp/hard/crtn.o
OUTPUT(h5-wake-on-lan_Secure.elf elf32-littlearm)
LOAD linker stubs
LOAD C:/ST/STM32CubeIDE_1.15.1/STM32CubeIDE/plugins/com.st.stm32cube.ide.mcu.externaltools.gnu-tools-for-stm32.12.3.rel1.win32_1.0.100.202403111256/tools/bin/../lib/gcc/arm-none-eabi/12.3.1/../../../../arm-none-eabi/lib/thumb/v8-m.main+fp/hard\libc.a
LOAD C:/ST/STM32CubeIDE_1.15.1/STM32CubeIDE/plugins/com.st.stm32cube.ide.mcu.externaltools.gnu-tools-for-stm32.12.3.rel1.win32_1.0.100.202403111256/tools/bin/../lib/gcc/arm-none-eabi/12.3.1/../../../../arm-none-eabi/lib/thumb/v8-m.main+fp/hard\libm.a
LOAD C:/ST/STM32CubeIDE_1.15.1/STM32CubeIDE/plugins/com.st.stm32cube.ide.mcu.externaltools.gnu-tools-for-stm32.12.3.rel1.win32_1.0.100.202403111256/tools/bin/../lib/gcc/arm-none-eabi/12.3.1/thumb/v8-m.main+fp/hard\libgcc.a

.debug_info     0x00000000     0x7a81
 .debug_info    0x00000000      0xb83 ./Core/Src/main.o
 .debug_info    0x00000b83      0x103 ./Core/Src/secure_nsc.o
 .debug_info    0x00000c86      0x404 ./Core/Src/stm32h5xx_hal_msp.o
 .debug_info    0x0000108a      0x138 ./Core/Src/stm32h5xx_it.o
 .debug_info    0x000011c2      0xfee ./Core/Src/system_stm32h5xx_s.o
 .debug_info    0x000021b0       0x30 ./Core/Startup/startup_stm32h563zitx.o
 .debug_info    0x000021e0     0x141b ./Drivers/STM32H5xx_HAL_Driver/stm32h5xx_hal.o
 .debug_info    0x000035fb     0x1792 ./Drivers/STM32H5xx_HAL_Driver/stm32h5xx_hal_cortex.o
 .debug_info    0x00004d8d      0x792 ./Drivers/STM32H5xx_HAL_Driver/stm32h5xx_hal_gpio.o
 .debug_info    0x0000551f      0xc43 ./Drivers/STM32H5xx_HAL_Driver/stm32h5xx_hal_gtzc.o
 .debug_info    0x00006162     0x109f ./Drivers/STM32H5xx_HAL_Driver/stm32h5xx_hal_rcc.o
 .debug_info    0x00007201      0x880 ./Middlewares/ST/threadx/Core/tx_thread_secure_stack.o

.debug_abbrev   0x00000000     0x14a8
 .debug_abbrev  0x00000000      0x254 ./Core/Src/main.o
 .debug_abbrev  0x00000254       0x9f ./Core/Src/secure_nsc.o
 .debug_abbrev  0x000002f3       0xde ./Core/Src/stm32h5xx_hal_msp.o
 .debug_abbrev  0x000003d1       0x73 ./Core/Src/stm32h5xx_it.o
 .debug_abbrev  0x00000444      0x199 ./Core/Src/system_stm32h5xx_s.o
 .debug_abbrev  0x000005dd       0x24 ./Core/Startup/startup_stm32h563zitx.o
 .debug_abbrev  0x00000601      0x2c0 ./Drivers/STM32H5xx_HAL_Driver/stm32h5xx_hal.o
 .debug_abbrev  0x000008c1      0x311 ./Drivers/STM32H5xx_HAL_Driver/stm32h5xx_hal_cortex.o
 .debug_abbrev  0x00000bd2      0x1db ./Drivers/STM32H5xx_HAL_Driver/stm32h5xx_hal_gpio.o
 .debug_abbrev  0x00000dad      0x1f6 ./Drivers/STM32H5xx_HAL_Driver/stm32h5xx_hal_gtzc.o
 .debug_abbrev  0x00000fa3      0x290 ./Drivers/STM32H5xx_HAL_Driver/stm32h5xx_hal_rcc.o
 .debug_abbrev  0x00001233      0x275 ./Middlewares/ST/threadx/Core/tx_thread_secure_stack.o

.debug_aranges  0x00000000      0x6f0
 .debug_aranges
                0x00000000       0x48 ./Core/Src/main.o
 .debug_aranges
                0x00000048       0x20 ./Core/Src/secure_nsc.o
 .debug_aranges
                0x00000068       0x20 ./Core/Src/stm32h5xx_hal_msp.o
 .debug_aranges
                0x00000088       0x68 ./Core/Src/stm32h5xx_it.o
 .debug_aranges
                0x000000f0       0x38 ./Core/Src/system_stm32h5xx_s.o
 .debug_aranges
                0x00000128       0x28 ./Core/Startup/startup_stm32h563zitx.o
 .debug_aranges
                0x00000150      0x210 ./Drivers/STM32H5xx_HAL_Driver/stm32h5xx_hal.o
 .debug_aranges
                0x00000360      0x170 ./Drivers/STM32H5xx_HAL_Driver/stm32h5xx_hal_cortex.o
 .debug_aranges
                0x000004d0       0x88 ./Drivers/STM32H5xx_HAL_Driver/stm32h5xx_hal_gpio.o
 .debug_aranges
                0x00000558       0xb8 ./Drivers/STM32H5xx_HAL_Driver/stm32h5xx_hal_gtzc.o
 .debug_aranges
                0x00000610       0xa0 ./Drivers/STM32H5xx_HAL_Driver/stm32h5xx_hal_rcc.o
 .debug_aranges
                0x000006b0       0x40 ./Middlewares/ST/threadx/Core/tx_thread_secure_stack.o

.debug_rnglists
                0x00000000      0x522
 .debug_rnglists
                0x00000000       0x34 ./Core/Src/main.o
 .debug_rnglists
                0x00000034       0x14 ./Core/Src/secure_nsc.o
 .debug_rnglists
                0x00000048       0x13 ./Core/Src/stm32h5xx_hal_msp.o
 .debug_rnglists
                0x0000005b       0x49 ./Core/Src/stm32h5xx_it.o
 .debug_rnglists
                0x000000a4       0x29 ./Core/Src/system_stm32h5xx_s.o
 .debug_rnglists
                0x000000cd       0x19 ./Core/Startup/startup_stm32h563zitx.o
 .debug_rnglists
                0x000000e6      0x189 ./Drivers/STM32H5xx_HAL_Driver/stm32h5xx_hal.o
 .debug_rnglists
                0x0000026f      0x110 ./Drivers/STM32H5xx_HAL_Driver/stm32h5xx_hal_cortex.o
 .debug_rnglists
                0x0000037f       0x63 ./Drivers/STM32H5xx_HAL_Driver/stm32h5xx_hal_gpio.o
 .debug_rnglists
                0x000003e2       0x96 ./Drivers/STM32H5xx_HAL_Driver/stm32h5xx_hal_gtzc.o
 .debug_rnglists
                0x00000478       0x7a ./Drivers/STM32H5xx_HAL_Driver/stm32h5xx_hal_rcc.o
 .debug_rnglists
                0x000004f2       0x30 ./Middlewares/ST/threadx/Core/tx_thread_secure_stack.o

.debug_macro    0x00000000    0x30ad4
 .debug_macro   0x00000000      0x27b ./Core/Src/main.o
 .debug_macro   0x0000027b      0xaba ./Core/Src/main.o
 .debug_macro   0x00000d35       0x16 ./Core/Src/main.o
 .debug_macro   0x00000d4b      0x1ca ./Core/Src/main.o
 .debug_macro   0x00000f15      0x189 ./Core/Src/main.o
 .debug_macro   0x0000109e       0x63 ./Core/Src/main.o
 .debug_macro   0x00001101       0x22 ./Core/Src/main.o
 .debug_macro   0x00001123       0x5b ./Core/Src/main.o
 .debug_macro   0x0000117e       0x2a ./Core/Src/main.o
 .debug_macro   0x000011a8       0x94 ./Core/Src/main.o
 .debug_macro   0x0000123c       0x43 ./Core/Src/main.o
 .debug_macro   0x0000127f       0x34 ./Core/Src/main.o
 .debug_macro   0x000012b3       0x16 ./Core/Src/main.o
 .debug_macro   0x000012c9       0x43 ./Core/Src/main.o
 .debug_macro   0x0000130c       0x57 ./Core/Src/main.o
 .debug_macro   0x00001363       0x34 ./Core/Src/main.o
 .debug_macro   0x00001397       0x10 ./Core/Src/main.o
 .debug_macro   0x000013a7       0x58 ./Core/Src/main.o
 .debug_macro   0x000013ff       0x8e ./Core/Src/main.o
 .debug_macro   0x0000148d       0x1c ./Core/Src/main.o
 .debug_macro   0x000014a9      0x177 ./Core/Src/main.o
 .debug_macro   0x00001620      0x369 ./Core/Src/main.o
 .debug_macro   0x00001989      0x19b ./Core/Src/main.o
 .debug_macro   0x00001b24       0x28 ./Core/Src/main.o
 .debug_macro   0x00001b4c       0x49 ./Core/Src/main.o
 .debug_macro   0x00001b95      0x103 ./Core/Src/main.o
 .debug_macro   0x00001c98       0x6a ./Core/Src/main.o
 .debug_macro   0x00001d02      0x1df ./Core/Src/main.o
 .debug_macro   0x00001ee1       0x1c ./Core/Src/main.o
 .debug_macro   0x00001efd       0x29 ./Core/Src/main.o
 .debug_macro   0x00001f26      0x110 ./Core/Src/main.o
 .debug_macro   0x00002036     0x17f1 ./Core/Src/main.o
 .debug_macro   0x00003827       0x5e ./Core/Src/main.o
 .debug_macro   0x00003885    0x211cc ./Core/Src/main.o
 .debug_macro   0x00024a51       0x6d ./Core/Src/main.o
 .debug_macro   0x00024abe     0x38b4 ./Core/Src/main.o
 .debug_macro   0x00028372       0x63 ./Core/Src/main.o
 .debug_macro   0x000283d5     0x1f1b ./Core/Src/main.o
 .debug_macro   0x0002a2f0      0xe96 ./Core/Src/main.o
 .debug_macro   0x0002b186      0x17b ./Core/Src/main.o
 .debug_macro   0x0002b301      0x300 ./Core/Src/main.o
 .debug_macro   0x0002b601       0xca ./Core/Src/main.o
 .debug_macro   0x0002b6cb      0x414 ./Core/Src/main.o
 .debug_macro   0x0002badf      0x917 ./Core/Src/main.o
 .debug_macro   0x0002c3f6      0x478 ./Core/Src/main.o
 .debug_macro   0x0002c86e       0xdd ./Core/Src/main.o
 .debug_macro   0x0002c94b      0x1f8 ./Core/Src/main.o
 .debug_macro   0x0002cb43      0x57e ./Core/Src/main.o
 .debug_macro   0x0002d0c1      0x670 ./Core/Src/main.o
 .debug_macro   0x0002d731       0x74 ./Core/Src/main.o
 .debug_macro   0x0002d7a5      0x313 ./Core/Src/main.o
 .debug_macro   0x0002dab8      0x1bb ./Core/Src/main.o
 .debug_macro   0x0002dc73      0x2c3 ./Core/Src/main.o
 .debug_macro   0x0002df36      0x493 ./Core/Src/main.o
 .debug_macro   0x0002e3c9      0x27f ./Core/Src/secure_nsc.o
 .debug_macro   0x0002e648      0x275 ./Core/Src/stm32h5xx_hal_msp.o
 .debug_macro   0x0002e8bd      0x27f ./Core/Src/stm32h5xx_it.o
 .debug_macro   0x0002eb3c      0x28d ./Core/Src/system_stm32h5xx_s.o
 .debug_macro   0x0002edc9      0x17f ./Core/Src/system_stm32h5xx_s.o
 .debug_macro   0x0002ef48      0x2a2 ./Drivers/STM32H5xx_HAL_Driver/stm32h5xx_hal.o
 .debug_macro   0x0002f1ea      0x26c ./Drivers/STM32H5xx_HAL_Driver/stm32h5xx_hal_cortex.o
 .debug_macro   0x0002f456      0x2a2 ./Drivers/STM32H5xx_HAL_Driver/stm32h5xx_hal_gpio.o
 .debug_macro   0x0002f6f8      0x2e1 ./Drivers/STM32H5xx_HAL_Driver/stm32h5xx_hal_gtzc.o
 .debug_macro   0x0002f9d9      0x2ae ./Drivers/STM32H5xx_HAL_Driver/stm32h5xx_hal_rcc.o
 .debug_macro   0x0002fc87      0x184 ./Middlewares/ST/threadx/Core/tx_thread_secure_stack.o
 .debug_macro   0x0002fe0b       0x10 ./Middlewares/ST/threadx/Core/tx_thread_secure_stack.o
 .debug_macro   0x0002fe1b      0x11c ./Middlewares/ST/threadx/Core/tx_thread_secure_stack.o
 .debug_macro   0x0002ff37       0x94 ./Middlewares/ST/threadx/Core/tx_thread_secure_stack.o
 .debug_macro   0x0002ffcb       0x16 ./Middlewares/ST/threadx/Core/tx_thread_secure_stack.o
 .debug_macro   0x0002ffe1       0x20 ./Middlewares/ST/threadx/Core/tx_thread_secure_stack.o
 .debug_macro   0x00030001      0x191 ./Middlewares/ST/threadx/Core/tx_thread_secure_stack.o
 .debug_macro   0x00030192      0x942 ./Middlewares/ST/threadx/Core/tx_thread_secure_stack.o

.debug_line     0x00000000     0x8f9a
 .debug_line    0x00000000      0x960 ./Core/Src/main.o
 .debug_line    0x00000960      0x89c ./Core/Src/secure_nsc.o
 .debug_line    0x000011fc      0x86b ./Core/Src/stm32h5xx_hal_msp.o
 .debug_line    0x00001a67      0x948 ./Core/Src/stm32h5xx_it.o
 .debug_line    0x000023af      0xaa0 ./Core/Src/system_stm32h5xx_s.o
 .debug_line    0x00002e4f       0x7b ./Core/Startup/startup_stm32h563zitx.o
 .debug_line    0x00002eca     0x101d ./Drivers/STM32H5xx_HAL_Driver/stm32h5xx_hal.o
 .debug_line    0x00003ee7     0x1015 ./Drivers/STM32H5xx_HAL_Driver/stm32h5xx_hal_cortex.o
 .debug_line    0x00004efc      0xd3e ./Drivers/STM32H5xx_HAL_Driver/stm32h5xx_hal_gpio.o
 .debug_line    0x00005c3a     0x1738 ./Drivers/STM32H5xx_HAL_Driver/stm32h5xx_hal_gtzc.o
 .debug_line    0x00007372     0x1346 ./Drivers/STM32H5xx_HAL_Driver/stm32h5xx_hal_rcc.o
 .debug_line    0x000086b8      0x8e2 ./Middlewares/ST/threadx/Core/tx_thread_secure_stack.o

.debug_str      0x00000000   0x1330a8
 .debug_str     0x00000000   0x12ac80 ./Core/Src/main.o
                             0x12afa4 (size before relaxing)
 .debug_str     0x0012ac80       0xb6 ./Core/Src/secure_nsc.o
                             0x12aa72 (size before relaxing)
 .debug_str     0x0012ad36       0x2c ./Core/Src/stm32h5xx_hal_msp.o
                             0x12ac2f (size before relaxing)
 .debug_str     0x0012ad62       0xdd ./Core/Src/stm32h5xx_it.o
                             0x12aa99 (size before relaxing)
 .debug_str     0x0012ae3f      0x9b2 ./Core/Src/system_stm32h5xx_s.o
                             0x12b6aa (size before relaxing)
 .debug_str     0x0012b7f1       0x44 ./Core/Startup/startup_stm32h563zitx.o
                                 0x8f (size before relaxing)
 .debug_str     0x0012b835     0x10a0 ./Drivers/STM32H5xx_HAL_Driver/stm32h5xx_hal.o
                             0x12bee0 (size before relaxing)
 .debug_str     0x0012c8d5      0x484 ./Drivers/STM32H5xx_HAL_Driver/stm32h5xx_hal_cortex.o
                             0x12bab3 (size before relaxing)
 .debug_str     0x0012cd59      0x3b0 ./Drivers/STM32H5xx_HAL_Driver/stm32h5xx_hal_gpio.o
                             0x12ae07 (size before relaxing)
 .debug_str     0x0012d109      0xb3a ./Drivers/STM32H5xx_HAL_Driver/stm32h5xx_hal_gtzc.o
                             0x12b659 (size before relaxing)
 .debug_str     0x0012dc43      0x581 ./Drivers/STM32H5xx_HAL_Driver/stm32h5xx_hal_rcc.o
                             0x12b58d (size before relaxing)
 .debug_str     0x0012e1c4     0x4ee4 ./Middlewares/ST/threadx/Core/tx_thread_secure_stack.o
                               0xb577 (size before relaxing)

.comment        0x00000000       0x43
 .comment       0x00000000       0x43 ./Core/Src/main.o
                                 0x44 (size before relaxing)
 .comment       0x00000043       0x44 ./Core/Src/stm32h5xx_hal_msp.o
 .comment       0x00000043       0x44 ./Core/Src/stm32h5xx_it.o
 .comment       0x00000043       0x44 ./Core/Src/system_stm32h5xx_s.o
 .comment       0x00000043       0x44 ./Drivers/STM32H5xx_HAL_Driver/stm32h5xx_hal.o
 .comment       0x00000043       0x44 ./Drivers/STM32H5xx_HAL_Driver/stm32h5xx_hal_cortex.o
 .comment       0x00000043       0x44 ./Drivers/STM32H5xx_HAL_Driver/stm32h5xx_hal_gpio.o
 .comment       0x00000043       0x44 ./Drivers/STM32H5xx_HAL_Driver/stm32h5xx_hal_gtzc.o
 .comment       0x00000043       0x44 ./Drivers/STM32H5xx_HAL_Driver/stm32h5xx_hal_rcc.o

.debug_frame    0x00000000     0x1ab8
 .debug_frame   0x00000000       0xd8 ./Core/Src/main.o
 .debug_frame   0x000000d8       0x38 ./Core/Src/secure_nsc.o
 .debug_frame   0x00000110       0x38 ./Core/Src/stm32h5xx_hal_msp.o
 .debug_frame   0x00000148      0x11c ./Core/Src/stm32h5xx_it.o
 .debug_frame   0x00000264       0xa0 ./Core/Src/system_stm32h5xx_s.o
 .debug_frame   0x00000304      0x878 ./Drivers/STM32H5xx_HAL_Driver/stm32h5xx_hal.o
 .debug_frame   0x00000b7c      0x640 ./Drivers/STM32H5xx_HAL_Driver/stm32h5xx_hal_cortex.o
 .debug_frame   0x000011bc      0x23c ./Drivers/STM32H5xx_HAL_Driver/stm32h5xx_hal_gpio.o
 .debug_frame   0x000013f8      0x32c ./Drivers/STM32H5xx_HAL_Driver/stm32h5xx_hal_gtzc.o
 .debug_frame   0x00001724      0x268 ./Drivers/STM32H5xx_HAL_Driver/stm32h5xx_hal_rcc.o
 .debug_frame   0x0000198c       0xe0 ./Middlewares/ST/threadx/Core/tx_thread_secure_stack.o
 .debug_frame   0x00001a6c       0x20 C:/ST/STM32CubeIDE_1.15.1/STM32CubeIDE/plugins/com.st.stm32cube.ide.mcu.externaltools.gnu-tools-for-stm32.12.3.rel1.win32_1.0.100.202403111256/tools/bin/../lib/gcc/arm-none-eabi/12.3.1/../../../../arm-none-eabi/lib/thumb/v8-m.main+fp/hard\libc_nano.a(libc_a-memset.o)
 .debug_frame   0x00001a8c       0x2c C:/ST/STM32CubeIDE_1.15.1/STM32CubeIDE/plugins/com.st.stm32cube.ide.mcu.externaltools.gnu-tools-for-stm32.12.3.rel1.win32_1.0.100.202403111256/tools/bin/../lib/gcc/arm-none-eabi/12.3.1/../../../../arm-none-eabi/lib/thumb/v8-m.main+fp/hard\libc_nano.a(libc_a-init.o)

.debug_line_str
                0x00000000       0x73
 .debug_line_str
                0x00000000       0x73 ./Core/Startup/startup_stm32h563zitx.o
